<html>
<body>
<pre>
<h1>µVision Build Log</h1>
<h2>Project:</h2>
C:\Users\PONG\Desktop\STM32F4\codeF4\GLCD_SPI\glcd-SPI.uvproj
Project File Date:  12/02/2011

<h2>Output:</h2>
Build target 'Target 1'
compiling main.c...
compiling stm32f4xx_it.c...
compiling system_stm32f4xx.c...
compiling stm32f4_discovery.c...
scs\stm32f4_discovery.c(80): error:  #20: identifier "EXTI_Line0" is undefined
scs\stm32f4_discovery.c(82): error:  #20: identifier "EXTI_PortSourceGPIOA" is undefined
scs\stm32f4_discovery.c(84): error:  #20: identifier "EXTI_PinSource0" is undefined
scs\stm32f4_discovery.c(87): error:  #20: identifier "NVIC_InitTypeDef" is undefined
scs\stm32f4_discovery.c(191): error:  #20: identifier "EXTI_InitTypeDef" is undefined
scs\stm32f4_discovery.c(192): error:  #20: identifier "NVIC_InitTypeDef" is undefined
scs\stm32f4_discovery.c(207): warning:  #223-D: function "SYSCFG_EXTILineConfig" declared implicitly
scs\stm32f4_discovery.c(211): error:  #20: identifier "EXTI_Mode_Interrupt" is undefined
scs\stm32f4_discovery.c(212): error:  #20: identifier "EXTI_Trigger_Rising" is undefined
scs\stm32f4_discovery.c(214): warning:  #223-D: function "EXTI_Init" declared implicitly
scs\stm32f4_discovery.c(222): warning:  #223-D: function "NVIC_Init" declared implicitly
compiling misc.c...
compiling stm32f4xx_adc.c...
compiling stm32f4xx_can.c...
compiling stm32f4xx_crc.c...
compiling stm32f4xx_cryp.c...
compiling stm32f4xx_cryp_aes.c...
compiling stm32f4xx_cryp_des.c...
compiling stm32f4xx_cryp_tdes.c...
compiling stm32f4xx_dac.c...
compiling stm32f4xx_dbgmcu.c...
compiling stm32f4xx_dcmi.c...
compiling stm32f4xx_dma.c...
compiling stm32f4xx_exti.c...
compiling stm32f4xx_flash.c...
compiling stm32f4xx_fsmc.c...
compiling stm32f4xx_gpio.c...
compiling stm32f4xx_hash.c...
compiling stm32f4xx_hash_md5.c...
compiling stm32f4xx_hash_sha1.c...
compiling stm32f4xx_i2c.c...
compiling stm32f4xx_iwdg.c...
compiling stm32f4xx_pwr.c...
compiling stm32f4xx_rcc.c...
compiling stm32f4xx_rng.c...
compiling stm32f4xx_rtc.c...
Project build/rebuild aborted.
Target not created
Build target 'Target 1'
compiling main.c...
compiling stm32f4xx_it.c...
compiling system_stm32f4xx.c...
compiling stm32f4_discovery.c...
scs\stm32f4_discovery.c(82): error:  #20: identifier "EXTI_PortSourceGPIOA" is undefined
scs\stm32f4_discovery.c(84): error:  #20: identifier "EXTI_PinSource0" is undefined
scs\stm32f4_discovery.c(87): error:  #20: identifier "NVIC_InitTypeDef" is undefined
scs\stm32f4_discovery.c(192): error:  #20: identifier "NVIC_InitTypeDef" is undefined
scs\stm32f4_discovery.c(207): warning:  #223-D: function "SYSCFG_EXTILineConfig" declared implicitly
scs\stm32f4_discovery.c(222): warning:  #223-D: function "NVIC_Init" declared implicitly
compiling misc.c...
compiling stm32f4xx_adc.c...
compiling stm32f4xx_can.c...
compiling stm32f4xx_crc.c...
compiling stm32f4xx_cryp.c...
compiling stm32f4xx_cryp_aes.c...
compiling stm32f4xx_cryp_des.c...
compiling stm32f4xx_cryp_tdes.c...
compiling stm32f4xx_dac.c...
compiling stm32f4xx_dbgmcu.c...
compiling stm32f4xx_dcmi.c...
compiling stm32f4xx_dma.c...
compiling stm32f4xx_exti.c...
compiling stm32f4xx_flash.c...
compiling stm32f4xx_fsmc.c...
compiling stm32f4xx_gpio.c...
compiling stm32f4xx_hash.c...
compiling stm32f4xx_hash_md5.c...
compiling stm32f4xx_hash_sha1.c...
compiling stm32f4xx_i2c.c...
compiling stm32f4xx_iwdg.c...
compiling stm32f4xx_pwr.c...
compiling stm32f4xx_rcc.c...
compiling stm32f4xx_rng.c...
compiling stm32f4xx_rtc.c...
Project build/rebuild aborted.
Target not created
Build target 'Target 1'
compiling main.c...
compiling stm32f4xx_it.c...
compiling system_stm32f4xx.c...
compiling stm32f4_discovery.c...
compiling misc.c...
compiling stm32f4xx_adc.c...
compiling stm32f4xx_can.c...
compiling stm32f4xx_crc.c...
compiling stm32f4xx_cryp.c...
compiling stm32f4xx_cryp_aes.c...
compiling stm32f4xx_cryp_des.c...
compiling stm32f4xx_cryp_tdes.c...
compiling stm32f4xx_dac.c...
compiling stm32f4xx_dbgmcu.c...
compiling stm32f4xx_dcmi.c...
compiling stm32f4xx_dma.c...
compiling stm32f4xx_exti.c...
compiling stm32f4xx_flash.c...
compiling stm32f4xx_fsmc.c...
compiling stm32f4xx_gpio.c...
compiling stm32f4xx_hash.c...
compiling stm32f4xx_hash_md5.c...
compiling stm32f4xx_hash_sha1.c...
compiling stm32f4xx_i2c.c...
compiling stm32f4xx_iwdg.c...
compiling stm32f4xx_pwr.c...
compiling stm32f4xx_rcc.c...
compiling stm32f4xx_rng.c...
Project build/rebuild aborted.
Target not created
Build target 'Target 1'
compiling main.c...
compiling stm32f4xx_it.c...
compiling system_stm32f4xx.c...
compiling stm32f4_discovery.c...
compiling misc.c...
compiling stm32f4xx_adc.c...
compiling stm32f4xx_can.c...
compiling stm32f4xx_crc.c...
compiling stm32f4xx_cryp.c...
compiling stm32f4xx_cryp_aes.c...
compiling stm32f4xx_cryp_des.c...
compiling stm32f4xx_cryp_tdes.c...
compiling stm32f4xx_dac.c...
compiling stm32f4xx_dbgmcu.c...
compiling stm32f4xx_dcmi.c...
compiling stm32f4xx_dma.c...
compiling stm32f4xx_exti.c...
compiling stm32f4xx_flash.c...
compiling stm32f4xx_fsmc.c...
compiling stm32f4xx_gpio.c...
compiling stm32f4xx_hash.c...
compiling stm32f4xx_hash_md5.c...
compiling stm32f4xx_hash_sha1.c...
compiling stm32f4xx_i2c.c...
compiling stm32f4xx_iwdg.c...
compiling stm32f4xx_pwr.c...
compiling stm32f4xx_rcc.c...
compiling stm32f4xx_rng.c...
compiling stm32f4xx_rtc.c...
compiling stm32f4xx_sdio.c...
compiling stm32f4xx_spi.c...
compiling stm32f4xx_syscfg.c...
compiling stm32f4xx_tim.c...
compiling stm32f4xx_usart.c...
compiling stm32f4xx_wwdg.c...
assembling startup_stm32f4xx.s...
linking...
Program Size: Code=700 RO-data=424 RW-data=8 ZI-data=32768  
FromELF: creating hex file...
".\Obj\glcd-SPI.axf" - 0 Error(s), 0 Warning(s).
